Welcome! type login to begin:
[login] please enter the type of account:
[login] please enter the account holder name:
[login] login success: teststudent1
[transfer] Enter the first account number:
[transfer] Enter the second account number:
[transfer] Enter amount to transfer:
[transfer] Success!
[logout] Success!