Welcome! type login to begin:
please enter the type of account:
please enter the account holder name:
login success: testuser1
[transfer] Enter the first account number:
[transfer] Enter the second account number:
[transfer] Enter amount to transfer:
[transfer] ERROR: AMOUNT EXCEEDS THE 1000.00 LIMIT
logout success