Welcome! type login to begin:
please enter the type of account:
please enter the account holder name:
login success: testuser1
[deposit] Enter the account number:
[deposit] ERROR: ACCOUNT # DOES NOT MATCH HOLDER
logout success