Welcome! type login to begin:
please enter the type of account:
please enter the account holder name:
login success: testuser1
[deposit] Enter the account number:
[deposit] Enter the amount to deposit:
[deposit] ERROR: INSUFFICIENT FUNDS
logout success