Welcome! type login to begin:
>> ERROR: NEED TO LOG IN FIRST
Welcome! type login to begin:
>> End of file reached: program exitting
