Welcome! type login to begin:
[login] please enter the type of account:
[login] please enter the account holder name:
[login] login success: testuser1
[withdrawal] Enter the account number:
[withdrawal] Enter amount to withdraw:
[transfer] Enter the first account number:
[transfer] Enter the second account number:
[transfer] Enter amount to transfer:
[logout] Success!