Welcome! type login to begin:
[login] please enter the type of account:
[login] login success: admin
[enable] Enter the account holder name:
[enable] Enter the account number:
[enable] ERROR: ACCOUNT ALREADY ENABLED
[logout] Success!
