Welcome! type login to begin:
please enter the type of account:
login success: admin
[enable] Enter the account holder name:
[enable] Enter the account number:
[enable] ERROR: INVALID INPUT
logout success
