Welcome! type login to begin:
please enter the type of account:
please enter the account holder name:
login success: testuser1
[withdrawal] Enter the account number:
[withdrawal] Enter amount to withdraw:
[transfer] ERROR: INVALID INPUT
logout success