Welcome! type login to begin:
>> [login] Enter the type of account:
>> [login] Enter the account holder name:
>> [login] Success!
>> [paybill] Enter the account number:
>> [paybill] Enter the company to pay:
>> [paybill] Enter amount to pay:
>> [paybill] Success!
>> [logout] Success!
Welcome! type login to begin:
>> End of file reached: program exitting
