Welcome! type login to begin:
[login] please enter the type of account:
[login] please enter the account holder name:
[login] ERROR: USERNAME DOES NOT EXIST