Welcome! type login to begin:
[login] please enter the type of account:
[login] please enter the account holder name:
[login] login success: testuser1
[deposit] Enter the account number:
[deposit] Enter the amount to deposit:
[deposit] Success!
[logout] Success!