Welcome! type login to begin:
[login] please enter the type of account:
[login] login success: admin
[changeplan] Enter the account holder name:
[changeplan] Enter the account number:
[changeplan] ERROR: INVALID INPUT
[logout] Success!
