Welcome! type login to begin:
please enter the type of account:
please enter the account holder name:
[login] ERROR: USERNAME DOES NOT EXIST