Welcome! type login to begin:
>> [login] Enter the type of account:
>> [login] Success!
>> [delete] Enter the account holder name:
>> [delete] Enter the account number:
>> [delete] ERROR: ACCOUNT # DOES NOT MATCH HOLDER
>> [logout] Success!
Welcome! type login to begin:
>> End of file reached: program exitting
