Welcome! type login to begin:
please enter the type of account:
login success: admin
[disable] Enter the account holder name:
[disable] ERROR: INVALID INPUT
logout success
