Welcome! type login to begin:
[login] please enter the type of account:
[login] login success: admin
[disable] Enter the account holder name:
[disable] Enter the account number:
[disable] ERROR: INVALID INPUT
[logout] Success!
