Welcome! type login to begin:
>> [login] Enter the type of account:
>> [login] Success!
>> [disable] Enter the account holder name:
>> [disable] Enter the account number:
>> [disable] Success!
>> [logout] Success!
Welcome! type login to begin:
>> End of file reached: program exitting
