Welcome! type login to begin:
[login] please enter the type of account:
[login] please enter the account holder name:
[login] login success: testuser2
[withdrawal] Enter the account number:
[withdrawal] Enter amount to withdraw:
[withdrawal] Success!
[logout] Success!