Welcome! type login to begin:
>> [login] Enter the type of account:
>> [login] Enter the account holder name:
>> [login] Success!
>> [withdrawal] Enter the account number:
>> [withdrawal] Enter amount to withdraw:
>> [withdrawal] Success!
>> [withdrawal] Enter the account number:
>> [withdrawal] Enter amount to withdraw:
>> [withdrawal] Success!
>> [logout] Success!
Welcome! type login to begin:
>> End of file reached: program exitting
