Welcome! type login to begin:
[login]please enter the type of account:
[login]login success: admin
[logout] Success!