Welcome! type login to begin:
please enter the type of account:
login success: admin
[create] Enter the account holder name:
[create] Enter the initial balance:
[create] Account created successfully
logout success
