Welcome! type login to begin:
>> [login] Enter the type of account:
>> [login] Success!
>> [logout] Success!
Welcome! type login to begin:
>> End of file reached: program exitting
