Welcome! type login to begin:
>> ERROR: INVALID TRANSACTION COMMAND
Welcome! type login to begin:
>> [login] Enter the type of account:
>> [login] Enter the account holder name:
>> [login] Success!
>> ERROR: INVALID TRANSACTION COMMAND
>> [logout] Success!
Welcome! type login to begin:
>> End of file reached: program exitting
