Welcome! type login to begin:
[login] please enter the type of account:
[login] please enter the account holder name:
[login] login success: testuser1
[withdrawal] Enter the account number:
[withdrawal] Enter amount to withdraw:
[withdrawal] ERROR: AMOUNT EXCEEDS THE 500.00 LIMIT
[logout] Success!