Welcome! type login to begin:
please enter the type of account:
login success: admin
[changeplan] Enter the account holder name:
[changeplan] Enter the account number:
[changeplan] ERROR: INVALID INPUT
logout success
