Welcome! type login to begin:
>> [login] Enter the type of account:
>> [login] Success!
>> [transfer] Enter the account holder name:
>> [transfer] Enter the first account number:
>> [transfer] Enter the second account number:
>> [transfer] Enter amount to transfer:
>> [transfer] Success!
>> [logout] Success!
Welcome! type login to begin:
>> End of file reached: program exitting
