Welcome! type login to begin:
>> [login] Enter the type of account:
>> [login] Enter the account holder name:
>> [login] Success!
>> [transfer] Enter the first account number:
>> [transfer] ERROR: ACCOUNT # DOES NOT MATCH HOLDER
>> [logout] Success!
Welcome! type login to begin:
>> End of file reached: program exitting
